<html>
<body>
<pre>
<h1>�Vision Build Log</h1>
<h2>Tool Versions:</h2>
IDE-Version: ��Vision V5.24.2.0
Copyright (C) 2017 ARM Ltd and ARM Germany GmbH. All rights reserved.
License Information: 1 1, 1, LIC=585FJ-U79YC-QDJKD-8YH3Y-TE5BP-0SHZX
 
Tool Versions:
Toolchain:       MDK-ARM Plus  Version: 5.24.1
Toolchain Path:  D:\Keil-APPINSTALL\ARM\ARMCC\Bin
C Compiler:      Armcc.exe V5.06 update 5 (build 528)
Assembler:       Armasm.exe V5.06 update 5 (build 528)
Linker/Locator:  ArmLink.exe V5.06 update 5 (build 528)
Library Manager: ArmAr.exe V5.06 update 5 (build 528)
Hex Converter:   FromElf.exe V5.06 update 5 (build 528)
CPU DLL:         SARMCM3.DLL V5.24.1
Dialog DLL:      DCM.DLL V1.16.0.0
Target DLL:      STLink\ST-LINKIII-KEIL_SWO.dll V3.0.1.0
Dialog DLL:      TCM.DLL V1.32.0.0
 
<h2>Project:</h2>
E:\ARobomaster\CQU-motor-study\Rudder-chassis-1\Rudder_Motor\MDK-ARM\rudder_motor.uvprojx
Project File Date:  10/29/2023

<h2>Output:</h2>
*** Using Compiler 'V5.06 update 5 (build 528)', folder: 'D:\Keil-APPINSTALL\ARM\ARMCC\Bin'
Rebuild target 'rudder_motor'
assembling startup_stm32f407xx.s...
compiling dma.c...
compiling gpio.c...
compiling stm32f4xx_hal_msp.c...
compiling usart.c...
compiling can.c...
compiling stm32f4xx_hal_flash.c...
compiling stm32f4xx_hal_can.c...
compiling main.c...
..\User\drv_can.h(14): warning:  #1-D: last line of file ends without a newline
  #endif
..\User\drv_usart.h(18): warning:  #1-D: last line of file ends without a newline
  #endif
../Core/Src/main.c: 2 warnings, 0 errors
compiling tim.c...
compiling stm32f4xx_it.c...
..\User\drv_usart.h(18): warning:  #1-D: last line of file ends without a newline
  #endif
../Core/Src/stm32f4xx_it.c: 1 warning, 0 errors
compiling freertos.c...
compiling stm32f4xx_hal_rcc_ex.c...
compiling stm32f4xx_hal_rcc.c...
compiling stm32f4xx_hal_flash_ramfunc.c...
compiling stm32f4xx_hal_pwr_ex.c...
compiling stm32f4xx_hal.c...
compiling stm32f4xx_hal_gpio.c...
compiling stm32f4xx_hal_dma.c...
compiling stm32f4xx_hal_cortex.c...
compiling stm32f4xx_hal_pwr.c...
compiling stm32f4xx_hal_flash_ex.c...
compiling stm32f4xx_hal_exti.c...
compiling stm32f4xx_hal_dma_ex.c...
compiling croutine.c...
compiling list.c...
compiling stm32f4xx_hal_tim_ex.c...
compiling event_groups.c...
compiling stm32f4xx_hal_uart.c...
compiling queue.c...
compiling timers.c...
compiling stream_buffer.c...
compiling heap_4.c...
compiling port.c...
compiling tasks.c...
compiling cmsis_os.c...
compiling stm32f4xx_hal_tim.c...
compiling system_stm32f4xx.c...
compiling pid.c...
..\User\pid.c(88): warning:  #1-D: last line of file ends without a newline
  }
..\User\pid.c: 1 warning, 0 errors
compiling drv_usart.c...
..\User\drv_usart.h(18): warning:  #1-D: last line of file ends without a newline
  #endif
..\User\drv_can.h(14): warning:  #1-D: last line of file ends without a newline
  #endif
..\User\rc_potocal.h(55): warning:  #1-D: last line of file ends without a newline
  #endif
..\User\judge.h(308): warning:  #1-D: last line of file ends without a newline
  #endif
..\User\drv_usart.c: 4 warnings, 0 errors
compiling bsp_rc.c...
compiling uart_user.c...
..\User\uart_user.h(3): warning:  #1-D: last line of file ends without a newline
  void USART1_IRQHandler(void);
..\User\uart_user.c(32): warning:  #1-D: last line of file ends without a newline
  }
..\User\uart_user.c: 2 warnings, 0 errors
compiling judge.c...
..\User\drv_usart.h(18): warning:  #1-D: last line of file ends without a newline
  #endif
..\User\judge.h(308): warning:  #1-D: last line of file ends without a newline
  #endif
..\User\drv_can.h(14): warning:  #1-D: last line of file ends without a newline
  #endif
..\User\rc_potocal.h(55): warning:  #1-D: last line of file ends without a newline
  #endif
..\User\judge.c(22): warning:  #1295-D: Deprecated declaration Update_data - give arg types
  void Update_data();//定义一些需要用到的变量并实时更新数值方便其他文件调�?
..\User\judge.c: 5 warnings, 0 errors
compiling rc_map.c...
..\User\drv_can.h(14): warning:  #1-D: last line of file ends without a newline
  #endif
..\User\rc_potocal.h(55): warning:  #1-D: last line of file ends without a newline
  #endif
rc_map.h(10): warning:  #1295-D: Deprecated declaration get_x_ch1 - give arg types
  double  get_x_ch1();
rc_map.h(12): warning:  #1295-D: Deprecated declaration get_y_ch0 - give arg types
  double  get_y_ch0();
rc_map.c: 4 warnings, 0 errors
compiling rc_potocal.c...
..\User\drv_can.h(14): warning:  #1-D: last line of file ends without a newline
  #endif
..\User\rc_potocal.h(55): warning:  #1-D: last line of file ends without a newline
  #endif
..\User\rc_potocal.c(100): warning:  #1-D: last line of file ends without a newline
  }
..\User\rc_potocal.c: 3 warnings, 0 errors
compiling drv_can.c...
..\User\drv_can.h(14): warning:  #1-D: last line of file ends without a newline
  #endif
..\User\rc_potocal.h(55): warning:  #1-D: last line of file ends without a newline
  #endif
..\User\encoder_map.h(11): warning:  #1-D: last line of file ends without a newline
  #endif
..\User\rc_map.h(10): warning:  #1295-D: Deprecated declaration get_x_ch1 - give arg types
  double  get_x_ch1();
..\User\rc_map.h(12): warning:  #1295-D: Deprecated declaration get_y_ch0 - give arg types
  double  get_y_ch0();
..\User\rc_map.h(16): warning:  #1-D: last line of file ends without a newline
  #endif
..\User\drv_can.c: 6 warnings, 0 errors
compiling encoder_map.c...
..\User\drv_can.h(14): warning:  #1-D: last line of file ends without a newline
  #endif
..\User\rc_potocal.h(55): warning:  #1-D: last line of file ends without a newline
  #endif
encoder_map.h(11): warning:  #1-D: last line of file ends without a newline
  #endif
encoder_map.c: 3 warnings, 0 errors
compiling Chassis_task.c...
..\User\drv_can.h(14): warning:  #1-D: last line of file ends without a newline
  #endif
..\User\rc_potocal.h(55): warning:  #1-D: last line of file ends without a newline
  #endif
..\User\encoder_map.h(11): warning:  #1-D: last line of file ends without a newline
  #endif
..\User\rc_map.h(10): warning:  #1295-D: Deprecated declaration get_x_ch1 - give arg types
  double  get_x_ch1();
..\User\rc_map.h(12): warning:  #1295-D: Deprecated declaration get_y_ch0 - give arg types
  double  get_y_ch0();
..\User\rc_map.h(16): warning:  #1-D: last line of file ends without a newline
  #endif
..\User\Chassis_task.c(30): warning:  #1295-D: Deprecated declaration chassis_current_give - give arg types
  void chassis_current_give();
..\User\Chassis_task.c(31): warning:  #1295-D: Deprecated declaration chassis_current_give_1 - give arg types
  void chassis_current_give_1() ;
..\User\Chassis_task.c: 8 warnings, 0 errors
linking...
Program Size: Code=22332 RO-data=704 RW-data=264 ZI-data=19904  
FromELF: creating hex file...
"rudder_motor\rudder_motor.axf" - 0 Error(s), 39 Warning(s).

<h2>Software Packages used:</h2>

Package Vendor: ARM
                http://www.keil.com/pack/ARM.CMSIS.5.9.0.pack
                ARM.CMSIS.5.9.0
                CMSIS (Common Microcontroller Software Interface Standard)
   * Component: CORE Version: 5.6.0

Package Vendor: Keil
                https://www.keil.com/pack/Keil.STM32F4xx_DFP.2.17.1.pack
                Keil.STM32F4xx_DFP.2.17.1
                STMicroelectronics STM32F4 Series Device Support, Drivers and Examples

<h2>Collection of Component include folders:</h2>
  .\RTE\_rudder_motor
  D:\Keil-APPINSTALL\ARM\PACK\ARM\CMSIS\5.9.0\CMSIS\Core\Include
  D:\Keil-APPINSTALL\ARM\PACK\Keil\STM32F4xx_DFP\2.17.1\Drivers\CMSIS\Device\ST\STM32F4xx\Include

<h2>Collection of Component Files used:</h2>

   * Component: ARM::CMSIS:CORE:5.6.0
      Include file:  CMSIS\Core\Include\tz_context.h
Build Time Elapsed:  00:00:12
</pre>
</body>
</html>
