<html>
<body>
<pre>
<h1>µVision Build Log</h1>
<h2>Tool Versions:</h2>
IDE-Version: ¦ÌVision V5.24.2.0
Copyright (C) 2017 ARM Ltd and ARM Germany GmbH. All rights reserved.
License Information: 1 1, 1, LIC=585FJ-U79YC-QDJKD-8YH3Y-TE5BP-0SHZX
 
Tool Versions:
Toolchain:       MDK-ARM Plus  Version: 5.24.1
Toolchain Path:  D:\Keil-APPINSTALL\ARM\ARMCC\Bin
C Compiler:      Armcc.exe V5.06 update 5 (build 528)
Assembler:       Armasm.exe V5.06 update 5 (build 528)
Linker/Locator:  ArmLink.exe V5.06 update 5 (build 528)
Library Manager: ArmAr.exe V5.06 update 5 (build 528)
Hex Converter:   FromElf.exe V5.06 update 5 (build 528)
CPU DLL:         SARMCM3.DLL V5.24.1
Dialog DLL:      DCM.DLL V1.16.0.0
Target DLL:      STLink\ST-LINKIII-KEIL_SWO.dll V3.0.1.0
Dialog DLL:      TCM.DLL V1.32.0.0
 
<h2>Project:</h2>
E:\ARobomaster\CQU-motor-study\Rudder-chassis-1\Rudder_Motor\MDK-ARM\rudder_motor.uvprojx
Project File Date:  10/29/2023

<h2>Output:</h2>
*** Using Compiler 'V5.06 update 5 (build 528)', folder: 'D:\Keil-APPINSTALL\ARM\ARMCC\Bin'
Build target 'rudder_motor'
compiling Chassis_task.c...
..\User\drv_can.h(14): warning:  #1-D: last line of file ends without a newline
  #endif
..\User\rc_potocal.h(55): warning:  #1-D: last line of file ends without a newline
  #endif
..\User\encoder_map.h(11): warning:  #1-D: last line of file ends without a newline
  #endif
..\User\rc_map.h(10): warning:  #1295-D: Deprecated declaration get_x_ch1 - give arg types
  double  get_x_ch1();
..\User\rc_map.h(12): warning:  #1295-D: Deprecated declaration get_y_ch0 - give arg types
  double  get_y_ch0();
..\User\rc_map.h(16): warning:  #1-D: last line of file ends without a newline
  #endif
..\User\Chassis_task.c(30): warning:  #1295-D: Deprecated declaration chassis_current_give - give arg types
  void chassis_current_give();
..\User\Chassis_task.c(31): warning:  #1295-D: Deprecated declaration chassis_current_give_1 - give arg types
  void chassis_current_give_1() ;
..\User\Chassis_task.c: 8 warnings, 0 errors
linking...
Program Size: Code=22332 RO-data=704 RW-data=264 ZI-data=19904  
FromELF: creating hex file...
"rudder_motor\rudder_motor.axf" - 0 Error(s), 8 Warning(s).

<h2>Software Packages used:</h2>

Package Vendor: ARM
                http://www.keil.com/pack/ARM.CMSIS.5.9.0.pack
                ARM.CMSIS.5.9.0
                CMSIS (Common Microcontroller Software Interface Standard)
   * Component: CORE Version: 5.6.0

Package Vendor: Keil
                https://www.keil.com/pack/Keil.STM32F4xx_DFP.2.17.1.pack
                Keil.STM32F4xx_DFP.2.17.1
                STMicroelectronics STM32F4 Series Device Support, Drivers and Examples

<h2>Collection of Component include folders:</h2>
  .\RTE\_rudder_motor
  D:\Keil-APPINSTALL\ARM\PACK\ARM\CMSIS\5.9.0\CMSIS\Core\Include
  D:\Keil-APPINSTALL\ARM\PACK\Keil\STM32F4xx_DFP\2.17.1\Drivers\CMSIS\Device\ST\STM32F4xx\Include

<h2>Collection of Component Files used:</h2>

   * Component: ARM::CMSIS:CORE:5.6.0
      Include file:  CMSIS\Core\Include\tz_context.h
Build Time Elapsed:  00:00:02
</pre>
</body>
</html>
